Res,HID  10,HIE  30,ALA  31,GLN  32,ASP  33,ILE  34,SER 290,MET 291,PRO 292,LEU 315,ALA 316,THR 317,MET 340,VAL 341,ASP 342,GLY 343,TRP 344,ALA 359,ASP 360,LYS 361,GLU 362,SER 363,THR 364,GLN 365,LYS 366,ALA 367,ILE 368,ASP 369,GLY 370,VAL 371,THR 372,ASN 373,LYS 374,VAL 375,ASN 376,SER 377,ILE 378,ILE 379,ASN 477,GLY 478,THR 479,GLY 522,GLY 523,PRO 524,PHE 525,ARG 526,SER 527,TYR 528,ILE 548,PRO 549,ILE 550,PHE 551,GLY 552,THR 553,THR 554,LYS 555,ASP 569,ASP 570,PHE 571,ALA 572,MET 596,GLY 597,TYR 598,GLN 599,VAL 600,ARG 601
HID  10,,,,,,,,,,,,,,,,,,,,,,,,,,,,,,,,,,,,,,,,,,,,,,,,,,,,-1.04,,,,,,,,,,,,,,
HIE  30,,,,,,,,,,,,,,,,,,,,,,,,,,,,,,,,,,,,,,,,,,,,,,,,,,,-1.79,-2.3,,,,,,,,,,,,,,
ALA  31,,,,,,,,,,,,,,,,,,,,,,,,,,,,,,,,,,,,,,,,,,,,,,,,,,,,,,,,,,,,,,,,,,
GLN  32,,,,,,,,,,,,,,,,,,,,,,,,,,,,,,,,,,,,,,,,,,,,,-1.43,,,,,,,,,,,,,-1.49,-1.07,,,,,,,
ASP  33,,,,,,,,,,,,,,,,,,,,,,,,,,,,,,,,,,,,,,,,,,,,,,,,,,,,,,,,,,,,,,,,,,
ILE  34,,,,,,,,,,,,,,,,,,,,,,,,,,,,,,,,,,,,,,,,,,,,,,,,,,,,,,,,,,,,,,,,,,
SER 290,,,,,,,,,,,,,,,,,,,,,,,,,,,,,,,,,,,,,,,,,,,,,,,,,,,,,,,,,-3.9,,-1.82,,,,,,,
MET 291,,,,,,,,,,,,,,,,,,,,,,,,,,,,,,,,,,,,,,,,,,,,,,,,,,,,,,,,,,,-2.46,,,,,,,
PRO 292,,,,,,,,,,,,,,,,,,,,,,,,,,,,,,,,,,,,,,,,,,,,,,,,,,,,,,,,,,,-1.65,,,,,,,
LEU 315,,,,,,,,,,,,,,,,,,,,,,,,,,,,,,,,,,,,,,,,,,,,,,,,,,,,,,,,,,,,,,,,,,
ALA 316,,,,,,,,,,,,,,,,,,,,,,,,,,,,,,,,,,,,,,,,,,,,,,,,,,,,,,,,,,,,,,,,,,
THR 317,,,,,,,,,,,,,,,,,,,,,,,,,,,,,,,,,,,,,,,,,,,,,,,,,,,-1.29,,,,,,,,,,,,,,,
MET 340,,,,,,,,,,,,,,,,,,,,,,,,,,,,,,,,,,,,,,,,,,,,,,,,,,,,,,,,,,,,,,,,,,
VAL 341,,,,,,,,,,,,,,,,,,,,,,,,,,,,,,,,,,,,,,,,,,,,,,,,,,,,,,,,,,,,,,,,,,
ASP 342,,,,,,,,,,,,,,,,,,,,,,,,,,,,,,,,,,,,,,,,,,,,,,,,,,,,,,,,,,,,,,,-3.33,-2.19,,
GLY 343,,,,,,,,,,,,,,,,,,,,,,,,,,,,,,,,,,,,,,,,,,,,,,,,,,,,-1.12,,,,,,,,,,,-1.1,,,
TRP 344,,,,,,,,,,,,,,,,,,,,,,,,,,,,,,,,,,,,,,,,,,,,,,,,,,,-1.22,-2.2,,,,,,,,,,,,,,
ALA 359,,,,,,,,,,,,,,,,,,,,,,,,,,,,,,,,,,,,,,,,,,,,,,,,,,,,,,,,,,,,,,,,,,
ASP 360,,,,,,,,,,,,,,,,,,,,,,,,,,,,,,,,,,,,,,,,,,,,,,,,,,,,,,,,,,,,,,,,,,
LYS 361,,,,,,,,,,,,,,,,,,,,,,,,,,,,,,,,,,,,,,,,,,,,,,,,,,,,,,,,,,,,,,,-1.8,-2.01,,
GLU 362,,,,,,,,,,,,,,,,,,,,,,,,,,,,,,,,,,,,,,,,,,,,,,,,,,,,,,,,,,,,,,,,,,
SER 363,,,,,,,,,,,,,,,,,,,,,,,,,,,,,,,,,,,,,,,,,,,,,,,,,,,,,,,,,,,,,,,,,,
THR 364,,,,,,,,,,,,,,,,,,,,,,,,,,,,,,,,,,,,,,,,,,,,,,,,,,,,,,,,,,,,,,,-2.68,,,
GLN 365,,,,,,,,,,,,,,,,,,,,,,,,,,,,,,,,,,,,,,,,,,,,,,,-1.89,,,,,,,,,,,,,,,-2.05,-3.65,,,
LYS 366,,,,,,,,,,,,,,,,,,,,,,,,,,,,,,,,,,,,,,,,,,,,,,,,,,,,,,,,,,,,,,,,,,
ALA 367,,,,,,,,,,,,,,,,,,,,,,,,,,,,,,,,,,,,,,,,,,,,,,,,,,,,,,,,,,,,,,,,,,
ILE 368,,,,,,,,,,,,,,,,,,,,,,,,,,,,,,,,,,,,,,,,,,,,,,,-1.31,,,-1.11,-1.52,,,,,,,,,,,,-1.91,,,
ASP 369,,,,,,,,,,,,,,,,,,,,,,,,,,,,,,,,,,,,,,,,,,,,,,,-3.19,,,,,,,,,,,,,,,,,,,
GLY 370,,,,,,,,,,,,,,,,,,,,,,,,,,,,,,,,,,,,,,,,,,,,,,,,,,,,,,,,,,,,,,,,,,
VAL 371,,,,,,,,,,,,,,,,,,,,,,,,,,,,,,,,,,,,,,,,,,,,,,,,,,,,,,,,,,,,,,,,,,
THR 372,,,,,,,,,,,,,,,,,,,,,,,,,,,,,,,,,,,,,,,,,,,,,-1.74,-1.19,-1.09,,,,,,,,,,,,,,,,,,,
ASN 373,,,,,,,,,,,,,,,,,,,,,,,,,,,,,,,,,,,,,,,,,,,,,,,,,,,,,,,,,,,,,,,,,,
LYS 374,,,,,,,,,,,,,,,,,,,,,,,,,,,,,,,,,,,,,,,,,,,,,,,,,,,,,,,,,,,,,,,,,,
VAL 375,,,,,,,,,,,,,,,,,,,,,,,,,,,,,,,,,,,,,,,,,,,,,-2.0,,,,,,,,,,,,,,,,,,,,,
ASN 376,,,,,,,,,,,,,,,,,,,,,,,,,,,,,,,,,,,,,,,,,,,-2.17,-1.48,-4.77,,,,,,,,,,,,,,,,,,,,,
SER 377,,,,,,,,,,,,,,,,,,,,,,,,,,,,,,,,,,,,,,,,,,,,,,,,,,,,,,,,,,,,,,,,,,
ILE 378,,,,,,,,,,,,,,,,,,,,,,,,,,,,,,,,,,,,,,,,,,,,,,,,,,,,,,,,,,,,,,,,,,
ILE 379,,,,,,,,,,,,,,,,,,,,,,,,,,,,,,,,,,,,,,,,,,,,-1.17,,,,,,,,,,,,,,,,,,,,,,
ASN 477,,,,,,,,,,,,,,,,,,,,,,,,,,,,,,,,,,,,,,,,,,,,,,,,,,,,,,,,,,,,,,,,,,
GLY 478,,,,,,,,,,,,,,,,,,,,,,,,,,,,,,,,,,,,,,,,,,,,,,,,,,,,,,,,,,,,,,,,,,
THR 479,,,,,,,,,,,,,,,,,,,,,,,,,,,,,,,,,,,,,,,,,,,,,,,,,,,,,,,,,,,,,,,,,,
GLY 522,,,,,,,,,,,,,,,,,,,,,,,,,,,,,,,,,,,,,,,,,,,,,,,,,,,,,,,,,,,,,,,,,,
GLY 523,,,,,,,,,,,,,,,,,,,,,,,,,,,,,,,,,,,-2.14,,,,,,,,,,,,,,,,,,,,,,,,,,,,,,,
PRO 524,,,,,,,,,,,,,,,,,,,,,,,,,,,,,,,,,,,-1.48,,,-1.16,,,,,,,,,,,,,,,,,,,,,,,,,,,,
PHE 525,,,,-1.45,,,,,,,,,,,,,,,,,,,,,,,,,,,-1.73,,,-2.0,-4.8,,,,,,,,,,,,,,,,,,,,,,,,,,,,,,,
ARG 526,,,,,,,,,,,,,,,,,,,,,,,,,,,,,,,-1.19,,,,,,,,,,,,,,,,,,,,,,,,,,,,,,,,,,,
SER 527,,,,,,,,,,,,,,,,,,,,,,,,-1.91,,,-1.31,-3.2,,,-1.11,,,,,,,,,,,,,,,,,,,,,,,,,,,,,,,,,,,
TYR 528,,,,,,,,,,,,,,,,,,,,,,,,,,,,,,,,,,,,,,,,,,,,,,,,,,,,,,,,,,,,,,,,,,
ILE 548,,,,,,,,,,,,,,,,,,,,,,,,,,,,,,,,,,,,,,,,,,,,,,,,,,,,,,,,,,,,,,,,,,
PRO 549,,,,,,,,,,,,,,,,,,,,,,,,,,,-1.11,,,,,,,,,,,,,,,,,,,,,,,,,,,,,,,,,,,,,,,
ILE 550,,-1.78,,,,,,,,,,-1.3,,,,,-1.24,,,,,,,,,,-1.51,,,,,,,,,,,,,,,,,,,,,,,,,,,,,,,,,,,,,,,
PHE 551,-1.03,-2.34,,,,,,,,,,,,,,-1.09,-2.15,,,,,,,,,,,,,,,,,,,,,,,,,,,,,,,,,,,,,,,,,,,,,,,,,
GLY 552,,,,,,,,,,,,,,,,,,,,,,,,,,,,,,,,,,,,,,,,,,,,,,,,,,,,,,,,,,,,,,,,,,
THR 553,,,,,,,,,,,,,,,,,,,,,,,,,,,,,,,,,,,,,,,,,,,,,,,,,,,,,,,,,,,,,,,,,,
THR 554,,,,,,,,,,,,,,,,,,,,,,,,,,,,,,,,,,,,,,,,,,,,,,,,,,,,,,,,,,,,,,,,,,
LYS 555,,,,,,,,,,,,,,,,,,,,,,,,,,,,,,,,,,,,,,,,,,,,,,,,,,,,,,,,,,,,,,,,,,
ASP 569,,,,,,,-3.84,,,,,,,,,,,,,,,,,,,,,,,,,,,,,,,,,,,,,,,,,,,,,,,,,,,,,,,,,,,
ASP 570,,,,-1.48,,,,,,,,,,,,,,,,,,,,,,,,,,,,,,,,,,,,,,,,,,,,,,,,,,,,,,,,,,,,,,
PHE 571,,,,-1.07,,,-1.86,-2.45,-1.61,,,,,,,,,,,,,,,,,,,,,,,,,,,,,,,,,,,,,,,,,,,,,,,,,,,,,,,,,
ALA 572,,,,,,,,,,,,,,,,,,,,,,,,,,,,,,,,,,,,,,,,,,,,,,,,,,,,,,,,,,,,,,,,,,
MET 596,,,,,,,,,,,,,,,,,,,,,,,,,,,,,,,,,,,,,,,,,,,,,,,,,,,,,,,,,,,,,,,,,,
GLY 597,,,,,,,,,,,,,,,,,,,,,,,,-2.07,,,,,,,,,,,,,,,,,,,,,,,,,,,,,,,,,,,,,,,,,,
TYR 598,,,,,,,,,,,,,,,-3.33,-1.08,,,,-1.77,,,-2.64,-3.67,,,-1.9,,,,,,,,,,,,,,,,,,,,,,,,,,,,,,,,,,,,,,,
GLN 599,,,,,,,,,,,,,,,-2.18,,,,,-1.95,,,,,,,,,,,,,,,,,,,,,,,,,,,,,,,,,,,,,,,,,,,,,,
VAL 600,,,,,,,,,,,,,,,,,,,,,,,,,,,,,,,,,,,,,,,,,,,,,,,,,,,,,,,,,,,,,,,,,,
ARG 601,,,,,,,,,,,,,,,,,,,,,,,,,,,,,,,,,,,,,,,,,,,,,,,,,,,,,,,,,,,,,,,,,,
